
> vite_react_shadcn_ts@1.3.0 test
> vitest --run


[1m[46m RUN [49m[22m [36mv3.2.4 [39m[90mD:/Paras Print Perfect Project/printperfect-pg/printperfect-pg[39m

node.exe : [90mstderr[2m | src/components/FileUploadModal.test.tsx[2m > [22m[2mFileUploadModal[2m > 
[22m[2mrenders the dropzone and handles file selection
At C:\Program Files\nodejs\npm.ps1:29 char:3
+   & $NODE_EXE $NPM_CLI_JS $args
+   ~~~~~~~~~~~~~~~~~~~~~~~~~~~~~
    + CategoryInfo          : NotSpecified: ([90mstderr[2m... file selection:String) [], RemoteException
    + FullyQualifiedErrorId : NativeCommandError
 
[22m[39mWarning: Missing `Description` or `aria-describedby={undefined}` for {DialogContent}.

 [32mΓ£ô[39m src/components/ServicesGrid.test.tsx [2m([22m[2m5 tests[22m[2m)[22m[33m 1087[2mms[22m[39m
   [33m[2mΓ£ô[22m[39m ServicesGrid[2m > [22mrenders an error message if fetching fails [33m 603[2mms[22m[39m
[90mstderr[2m | src/components/FileUploadModal.test.tsx[2m > [22m[2mFileUploadModal[2m > 
[22m[2mshows an error for rejected files
[22m[39mWarning: Missing `Description` or `aria-describedby={undefined}` for {DialogContent}.

[90mstderr[2m | src/components/FileUploadModal.test.tsx[2m > [22m[2mFileUploadModal[2m > 
[22m[2msends a notification and shows the success screen
[22m[39mWarning: Missing `Description` or `aria-describedby={undefined}` for {DialogContent}.

 [32mΓ£ô[39m src/components/Lightbox.test.tsx [2m([22m[2m4 tests[22m[2m)[22m[33m 2561[2mms[22m[39m
   [33m[2mΓ£ô[22m[39m Lightbox[2m > [22mopens, displays content, and navigates correctly [33m 1659[2mms[22m[39m
   [33m[2mΓ£ô[22m[39m Lightbox[2m > [22mcloses on escape key and backdrop click [33m 415[2mms[22m[39m
   [33m[2mΓ£ô[22m[39m Lightbox[2m > [22mtraps focus and handles keyboard navigation [33m 478[2mms[22m[39m
 [32mΓ£ô[39m src/components/Portfolio.test.tsx [2m([22m[2m5 tests[22m[2m)[22m[33m 1650[2mms[22m[39m
   [33m[2mΓ£ô[22m[39m Portfolio[2m > [22mfilters items when a category tab is clicked and updates filter [33m 708[2mms[22m[39m
   [33m[2mΓ£ô[22m[39m Portfolio[2m > [22mdisplays an empty state when a filter results in no items [33m 313[2mms[22m[39m
   [33m[2mΓ£ô[22m[39m Portfolio[2m > [22mclamps display when filtering to fewer items [33m 301[2mms[22m[39m
 [32mΓ£ô[39m src/components/Header.test.tsx [2m([22m[2m8 tests[22m[2m)[22m[33m 3138[2mms[22m[39m
   [33m[2mΓ£ô[22m[39m Header Component[2m > [22mrenders header with navigation items [33m 431[2mms[22m[39m
   [33m[2mΓ£ô[22m[39m Header Component[2m > [22mrenders contact action buttons [33m 683[2mms[22m[39m
   [33m[2mΓ£ô[22m[39m Header Component[2m > [22mtoggles mobile menu on button click [33m 928[2mms[22m[39m
   [33m[2mΓ£ô[22m[39m Header Component[2m > [22mopens WhatsApp link when WhatsApp button is clicked [33m 300[2mms[22m[39m
   [33m[2mΓ£ô[22m[39m Header Component[2m > [22mcloses mobile menu when navigation link is clicked [33m 433[2mms[22m[39m
[90mstderr[2m | src/components/FileUploadModal.test.tsx[2m > [22m[2mFileUploadModal[2m > 
[22m[2mshows an error if the notification fails to send
[22m[39mWarning: Missing `Description` or `aria-describedby={undefined}` for {DialogContent}.

[90mstderr[2m | src/components/FileUploadModal.test.tsx[2m > [22m[2mFileUploadModal[2m > 
[22m[2mstrips non-numeric characters on paste into phone number
[22m[39mWarning: Missing `Description` or `aria-describedby={undefined}` for {DialogContent}.

 [32mΓ£ô[39m src/components/FileUploadModal.test.tsx [2m([22m[2m5 tests[22m[2m)[22m[33m 3393[2mms[22m[39m
   [33m[2mΓ£ô[22m[39m FileUploadModal[2m > [22mrenders the dropzone and handles file selection [33m 1487[2mms[22m[39m
   [33m[2mΓ£ô[22m[39m FileUploadModal[2m > [22mshows an error for rejected files [33m 302[2mms[22m[39m
   [33m[2mΓ£ô[22m[39m FileUploadModal[2m > [22msends a notification and shows the success screen [33m 837[2mms[22m[39m
   [33m[2mΓ£ô[22m[39m FileUploadModal[2m > [22mshows an error if the notification fails to send [33m 609[2mms[22m[39m
 [32mΓ£ô[39m src/components/Contact.test.tsx [2m([22m[2m7 tests[22m[2m | [22m[33m2 skipped[39m[2m)[22m[33m 3850[2mms[22m[39m
   [33m[2mΓ£ô[22m[39m Contact Component[2m > [22mrenders contact form with all required fields [33m 599[2mms[22m[39m
   [33m[2mΓ£ô[22m[39m Contact Component[2m > [22mdisables submit button while submitting [33m 2515[2mms[22m[39m
   [33m[2mΓ£ô[22m[39m Contact Component[2m > [22mdisplays contact information correctly [33m 505[2mms[22m[39m
 [32mΓ£ô[39m src/components/__tests__/accessibility.test.tsx [2m([22m[2m7 tests[22m[2m)[22m[33m 3168[2mms[22m[39m
   [33m[2mΓ£ô[22m[39m Accessibility Tests with jest-axe[2m > [22mPortfolio component should have no accessibility violations [33m 1822[2mms[22m[39m
   [33m[2mΓ£ô[22m[39m Accessibility Tests with jest-axe[2m > [22mContact component should have no accessibility violations [33m 501[2mms[22m[39m
   [33m[2mΓ£ô[22m[39m Accessibility Tests with jest-axe[2m > [22mServicesGrid component should have no accessibility violations [33m 584[2mms[22m[39m

[2m Test Files [22m [1m[32m7 passed[39m[22m[90m (7)[39m
[2m      Tests [22m [1m[32m39 passed[39m[22m[2m | [22m[33m2 skipped[39m[90m (41)[39m
[2m   Start at [22m 01:33:58
[2m   Duration [22m 16.84s[2m (transform 1.59s, setup 8.64s, collect 19.11s, tests 18.85s, environment 41.69s, prepare 7.11s)[22m

